******************************************************************************
                  TI ARM Linker PC v5.2.2                      
******************************************************************************
>> Linked Mon Sep 28 21:57:59 2015

OUTPUT FILE NAME:   <intrupt.out>
ENTRY POINT SYMBOL: "_c_int00"  address: 00000481


MEMORY CONFIGURATION

         name            origin    length      used     unused   attr    fill
----------------------  --------  ---------  --------  --------  ----  --------
  MAIN                  00000000   00040000  000006e8  0003f918  R  X
  INFO                  00200000   00004000  00000000  00004000  R  X
  SRAM_CODE             01000000   00010000  00000000  00010000  RW X
  SRAM_DATA             20000000   00010000  00000214  0000fdec  RW  


SEGMENT ALLOCATION MAP

run origin  load origin   length   init length attrs members
----------  ----------- ---------- ----------- ----- -------
00000000    00000000    000006e8   000006e8    r-x
  00000000    00000000    00000144   00000144    r-- .intvecs
  00000144    00000144    00000514   00000514    r-x .text
  00000658    00000658    00000070   00000070    r-- .const
  000006c8    000006c8    00000020   00000020    r-- .cinit
20000000    20000000    00000014   00000000    rw-
  20000000    20000000    00000014   00000000    rw- .data
2000fe00    2000fe00    00000200   00000000    rw-
  2000fe00    2000fe00    00000200   00000000    rw- .stack


SECTION ALLOCATION MAP

 output                                  attributes/
section   page    origin      length       input sections
--------  ----  ----------  ----------   ----------------
.intvecs   0    00000000    00000144     
                  00000000    00000144     msp432_startup_ccs.obj (.intvecs)

.text      0    00000144    00000514     
                  00000144    000000dc     main.obj (.text)
                  00000220    0000009c     rtsv7M4_T_le_v4SPD16_eabi.lib : memcpy_t2.obj (.text)
                  000002bc    0000007a                                   : memset_t2.obj (.text)
                  00000336    00000002     --HOLE-- [fill = 0]
                  00000338    00000070     gpioInit.obj (.text)
                  000003a8    0000006c     rtsv7M4_T_le_v4SPD16_eabi.lib : autoinit.obj (.text)
                  00000414    0000006a                                   : copy_decompress_rle.obj (.text)
                  0000047e    00000002     --HOLE-- [fill = 0]
                  00000480    00000050                                   : boot.obj (.text)
                  000004d0    0000004c                                   : cpy_tbl.obj (.text)
                  0000051c    00000044     msp432p4xx_driverlib.lib : interrupt.o (.text:Interrupt_unpendInterrupt)
                  00000560    00000044     rtsv7M4_T_le_v4SPD16_eabi.lib : exit.obj (.text)
                  000005a4    00000020     msp432p4xx_driverlib.lib : gpio.o (.text:GPIO_interruptEdgeSelect)
                  000005c4    00000018                              : gpio.o (.text:GPIO_clearInterruptFlag)
                  000005dc    00000018                              : wdt_a.o (.text:WDT_A_holdTimer)
                  000005f4    00000018     rtsv7M4_T_le_v4SPD16_eabi.lib : args_main.obj (.text)
                  0000060c    00000014     msp432p4xx_driverlib.lib : gpio.o (.text:GPIO_enableInterrupt)
                  00000620    00000014     rtsv7M4_T_le_v4SPD16_eabi.lib : _lock.obj (.text)
                  00000634    0000000e                                   : copy_decompress_none.obj (.text:decompress:none)
                  00000642    0000000c     msp432_startup_ccs.obj (.text)
                  0000064e    00000006     rtsv7M4_T_le_v4SPD16_eabi.lib : copy_decompress_rle.obj (.text:decompress:rle24)
                  00000654    00000004                                   : pre_init.obj (.text)

.const     0    00000658    00000070     
                  00000658    00000040     msp432p4xx_driverlib.lib : interrupt.o (.const)
                  00000698    00000030                              : gpio.o (.const:GPIO_PORT_TO_BASE)

.cinit     0    000006c8    00000020     
                  000006c8    0000000f     (.cinit..data.load) [load image, compression = rle]
                  000006d7    00000001     --HOLE-- [fill = 0]
                  000006d8    00000008     (__TI_handler_table)
                  000006e0    00000008     (__TI_cinit_table)

.data      0    20000000    00000014     UNINITIALIZED
                  20000000    00000008     rtsv7M4_T_le_v4SPD16_eabi.lib : _lock.obj (.data)
                  20000008    00000008                                   : exit.obj (.data)
                  20000010    00000004                                   : stkdepth_vars.obj (.data)

.TI.persistent 
*          0    20000000    00000000     UNINITIALIZED

.stack     0    2000fe00    00000200     UNINITIALIZED
                  2000fe00    00000200     --HOLE--


LINKER GENERATED COPY TABLES

__TI_cinit_table @ 000006e0 records: 1, size/record: 8, table size: 8
	.data: load addr=000006c8, load size=0000000f bytes, run addr=20000000, run size=00000014 bytes, compression=rle


LINKER GENERATED HANDLER TABLE

__TI_handler_table @ 000006d8 records: 2, size/record: 4, table size: 8
	index: 0, handler: __TI_decompress_rle24
	index: 1, handler: __TI_decompress_none


GLOBAL SYMBOLS: SORTED ALPHABETICALLY BY Name 

address   name                     
-------   ----                     
00000561  C$$EXIT                  
000005c5  GPIO_clearInterruptFlag  
0000060d  GPIO_enableInterrupt     
000005a5  GPIO_interruptEdgeSelect 
0000051d  Interrupt_unpendInterrupt
00000339  Port1_ISR                
UNDEFED   SHT$$INIT_ARRAY$$Base    
UNDEFED   SHT$$INIT_ARRAY$$Limit   
4000480c  WDTCTL_SYM               
000005dd  WDT_A_holdTimer          
20010000  __STACK_END              
00000200  __STACK_SIZE             
000006e0  __TI_CINIT_Base          
000006e8  __TI_CINIT_Limit         
000006d8  __TI_Handler_Table_Base  
000006e0  __TI_Handler_Table_Limit 
000003a9  __TI_auto_init           
20000008  __TI_cleanup_ptr         
00000635  __TI_decompress_none     
0000064f  __TI_decompress_rle24    
2000000c  __TI_dtors_ptr           
00000000  __TI_static_base__       
000002bd  __aeabi_memclr           
000002bd  __aeabi_memclr4          
000002bd  __aeabi_memclr8          
00000221  __aeabi_memcpy           
00000221  __aeabi_memcpy4          
00000221  __aeabi_memcpy8          
000002bf  __aeabi_memset           
000002bf  __aeabi_memset4          
000002bf  __aeabi_memset8          
ffffffff  __binit__                
ffffffff  __c_args__               
2000fe00  __stack                  
000005f5  _args_main               
00000481  _c_int00                 
20000000  _lock                    
0000062f  _nop                     
00000627  _register_lock           
00000621  _register_unlock         
00000655  _system_pre_init         
20000004  _unlock                  
00000565  abort                    
ffffffff  binit                    
000004d1  copy_in                  
0000056d  exit                     
00000000  interruptVectors         
00000145  main                     
20000010  main_func_sp             
00000221  memcpy                   
000002c5  memset                   


GLOBAL SYMBOLS: SORTED BY Symbol Address 

address   name                     
-------   ----                     
00000000  __TI_static_base__       
00000000  interruptVectors         
00000145  main                     
00000200  __STACK_SIZE             
00000221  __aeabi_memcpy           
00000221  __aeabi_memcpy4          
00000221  __aeabi_memcpy8          
00000221  memcpy                   
000002bd  __aeabi_memclr           
000002bd  __aeabi_memclr4          
000002bd  __aeabi_memclr8          
000002bf  __aeabi_memset           
000002bf  __aeabi_memset4          
000002bf  __aeabi_memset8          
000002c5  memset                   
00000339  Port1_ISR                
000003a9  __TI_auto_init           
00000481  _c_int00                 
000004d1  copy_in                  
0000051d  Interrupt_unpendInterrupt
00000561  C$$EXIT                  
00000565  abort                    
0000056d  exit                     
000005a5  GPIO_interruptEdgeSelect 
000005c5  GPIO_clearInterruptFlag  
000005dd  WDT_A_holdTimer          
000005f5  _args_main               
0000060d  GPIO_enableInterrupt     
00000621  _register_unlock         
00000627  _register_lock           
0000062f  _nop                     
00000635  __TI_decompress_none     
0000064f  __TI_decompress_rle24    
00000655  _system_pre_init         
000006d8  __TI_Handler_Table_Base  
000006e0  __TI_CINIT_Base          
000006e0  __TI_Handler_Table_Limit 
000006e8  __TI_CINIT_Limit         
20000000  _lock                    
20000004  _unlock                  
20000008  __TI_cleanup_ptr         
2000000c  __TI_dtors_ptr           
20000010  main_func_sp             
2000fe00  __stack                  
20010000  __STACK_END              
4000480c  WDTCTL_SYM               
ffffffff  __binit__                
ffffffff  __c_args__               
ffffffff  binit                    
UNDEFED   SHT$$INIT_ARRAY$$Base    
UNDEFED   SHT$$INIT_ARRAY$$Limit   

[51 symbols]
