******************************************************************************
                  TI ARM Linker PC v5.2.2                      
******************************************************************************
>> Linked Tue Sep 29 16:52:04 2015

OUTPUT FILE NAME:   <blink_speed.out>
ENTRY POINT SYMBOL: "_c_int00"  address: 00000515


MEMORY CONFIGURATION

         name            origin    length      used     unused   attr    fill
----------------------  --------  ---------  --------  --------  ----  --------
  MAIN                  00000000   00040000  000006a0  0003f960  R  X
  INFO                  00200000   00004000  00000000  00004000  R  X
  SRAM_CODE             01000000   00010000  00000000  00010000  RW X
  SRAM_DATA             20000000   00010000  00000218  0000fde8  RW  


SEGMENT ALLOCATION MAP

run origin  load origin   length   init length attrs members
----------  ----------- ---------- ----------- ----- -------
00000000    00000000    000006a0   000006a0    r-x
  00000000    00000000    00000144   00000144    r-- .intvecs
  00000144    00000144    00000524   00000524    r-x .text
  00000668    00000668    00000038   00000038    r-- .cinit
20000000    20000000    00000018   00000000    rw-
  20000000    20000000    00000014   00000000    rw- .data
  20000014    20000014    00000004   00000000    rw- .bss
2000fe00    2000fe00    00000200   00000000    rw-
  2000fe00    2000fe00    00000200   00000000    rw- .stack


SECTION ALLOCATION MAP

 output                                  attributes/
section   page    origin      length       input sections
--------  ----  ----------  ----------   ----------------
.intvecs   0    00000000    00000144     
                  00000000    00000144     msp432_startup_ccs.obj (.intvecs)

.text      0    00000144    00000524     
                  00000144    00000138     initGpio.obj (.text)
                  0000027c    000000a8     main.obj (.text)
                  00000324    0000009c     rtsv7M4_T_le_v4SPD16_eabi.lib : memcpy_t2.obj (.text)
                  000003c0    0000007a                                   : memset_t2.obj (.text)
                  0000043a    00000002     --HOLE-- [fill = 0]
                  0000043c    0000006c                                   : autoinit.obj (.text)
                  000004a8    0000006a                                   : copy_decompress_rle.obj (.text)
                  00000512    00000002     --HOLE-- [fill = 0]
                  00000514    00000050                                   : boot.obj (.text)
                  00000564    0000004c                                   : cpy_tbl.obj (.text)
                  000005b0    00000044                                   : exit.obj (.text)
                  000005f4    00000018     msp432p4xx_driverlib.lib : wdt_a.o (.text:WDT_A_holdTimer)
                  0000060c    00000018     rtsv7M4_T_le_v4SPD16_eabi.lib : args_main.obj (.text)
                  00000624    00000014                                   : _lock.obj (.text)
                  00000638    0000000e                                   : copy_decompress_none.obj (.text:decompress:none)
                  00000646    0000000c                                   : copy_zero_init.obj (.text:decompress:ZI)
                  00000652    0000000c     msp432_startup_ccs.obj (.text)
                  0000065e    00000006     rtsv7M4_T_le_v4SPD16_eabi.lib : copy_decompress_rle.obj (.text:decompress:rle24)
                  00000664    00000004                                   : pre_init.obj (.text)

.cinit     0    00000668    00000038     
                  00000668    0000000f     (.cinit..data.load) [load image, compression = rle]
                  00000677    00000001     --HOLE-- [fill = 0]
                  00000678    0000000c     (__TI_handler_table)
                  00000684    00000004     --HOLE-- [fill = 0]
                  00000688    00000008     (.cinit..bss.load) [load image, compression = zero_init]
                  00000690    00000010     (__TI_cinit_table)

.data      0    20000000    00000014     UNINITIALIZED
                  20000000    00000008     rtsv7M4_T_le_v4SPD16_eabi.lib : _lock.obj (.data)
                  20000008    00000008                                   : exit.obj (.data)
                  20000010    00000004                                   : stkdepth_vars.obj (.data)

.bss       0    20000014    00000004     UNINITIALIZED
                  20000014    00000004     (.common:speed)

.TI.persistent 
*          0    20000000    00000000     UNINITIALIZED

.TI.noinit 
*          0    20000014    00000000     UNINITIALIZED

.stack     0    2000fe00    00000200     UNINITIALIZED
                  2000fe00    00000200     --HOLE--


LINKER GENERATED COPY TABLES

__TI_cinit_table @ 00000690 records: 2, size/record: 8, table size: 16
	.data: load addr=00000668, load size=0000000f bytes, run addr=20000000, run size=00000014 bytes, compression=rle
	.bss: load addr=00000688, load size=00000008 bytes, run addr=20000014, run size=00000004 bytes, compression=zero_init


LINKER GENERATED HANDLER TABLE

__TI_handler_table @ 00000678 records: 3, size/record: 4, table size: 12
	index: 0, handler: __TI_decompress_rle24
	index: 1, handler: __TI_decompress_none
	index: 2, handler: __TI_zero_init


GLOBAL SYMBOLS: SORTED ALPHABETICALLY BY Name 

address   name                    
-------   ----                    
000005b1  C$$EXIT                 
UNDEFED   SHT$$INIT_ARRAY$$Base   
UNDEFED   SHT$$INIT_ARRAY$$Limit  
4000480c  WDTCTL_SYM              
000005f5  WDT_A_holdTimer         
20010000  __STACK_END             
00000200  __STACK_SIZE            
00000690  __TI_CINIT_Base         
000006a0  __TI_CINIT_Limit        
00000678  __TI_Handler_Table_Base 
00000684  __TI_Handler_Table_Limit
0000043d  __TI_auto_init          
20000008  __TI_cleanup_ptr        
00000639  __TI_decompress_none    
0000065f  __TI_decompress_rle24   
2000000c  __TI_dtors_ptr          
00000000  __TI_static_base__      
00000647  __TI_zero_init          
000003c1  __aeabi_memclr          
000003c1  __aeabi_memclr4         
000003c1  __aeabi_memclr8         
00000325  __aeabi_memcpy          
00000325  __aeabi_memcpy4         
00000325  __aeabi_memcpy8         
000003c3  __aeabi_memset          
000003c3  __aeabi_memset4         
000003c3  __aeabi_memset8         
ffffffff  __binit__               
ffffffff  __c_args__              
2000fe00  __stack                 
0000060d  _args_main              
00000515  _c_int00                
20000000  _lock                   
00000633  _nop                    
0000062b  _register_lock          
00000625  _register_unlock        
00000665  _system_pre_init        
20000004  _unlock                 
000005b5  abort                   
ffffffff  binit                   
00000565  copy_in                 
000005bd  exit                    
00000145  init_Gpio               
00000000  interruptVectors        
000002cd  main                    
20000010  main_func_sp            
00000325  memcpy                  
000003c9  memset                  
000001d3  port1_ISR               
20000014  speed                   


GLOBAL SYMBOLS: SORTED BY Symbol Address 

address   name                    
-------   ----                    
00000000  __TI_static_base__      
00000000  interruptVectors        
00000145  init_Gpio               
000001d3  port1_ISR               
00000200  __STACK_SIZE            
000002cd  main                    
00000325  __aeabi_memcpy          
00000325  __aeabi_memcpy4         
00000325  __aeabi_memcpy8         
00000325  memcpy                  
000003c1  __aeabi_memclr          
000003c1  __aeabi_memclr4         
000003c1  __aeabi_memclr8         
000003c3  __aeabi_memset          
000003c3  __aeabi_memset4         
000003c3  __aeabi_memset8         
000003c9  memset                  
0000043d  __TI_auto_init          
00000515  _c_int00                
00000565  copy_in                 
000005b1  C$$EXIT                 
000005b5  abort                   
000005bd  exit                    
000005f5  WDT_A_holdTimer         
0000060d  _args_main              
00000625  _register_unlock        
0000062b  _register_lock          
00000633  _nop                    
00000639  __TI_decompress_none    
00000647  __TI_zero_init          
0000065f  __TI_decompress_rle24   
00000665  _system_pre_init        
00000678  __TI_Handler_Table_Base 
00000684  __TI_Handler_Table_Limit
00000690  __TI_CINIT_Base         
000006a0  __TI_CINIT_Limit        
20000000  _lock                   
20000004  _unlock                 
20000008  __TI_cleanup_ptr        
2000000c  __TI_dtors_ptr          
20000010  main_func_sp            
20000014  speed                   
2000fe00  __stack                 
20010000  __STACK_END             
4000480c  WDTCTL_SYM              
ffffffff  __binit__               
ffffffff  __c_args__              
ffffffff  binit                   
UNDEFED   SHT$$INIT_ARRAY$$Base   
UNDEFED   SHT$$INIT_ARRAY$$Limit  

[50 symbols]
